------------------------------------------------------------
Timing Analyzer Summary
------------------------------------------------------------

Type  : Slow 1200mV 85C Model Setup 'CLK'
Slack : -2.504
TNS   : -39.520

Type  : Slow 1200mV 85C Model Setup 'clk_div:clk_div2|cnt[23]'
Slack : -1.150
TNS   : -2.084

Type  : Slow 1200mV 85C Model Setup 'clk_div:clk_div|cnt[11]'
Slack : -0.831
TNS   : -0.831

Type  : Slow 1200mV 85C Model Hold 'clk_div:clk_div2|cnt[23]'
Slack : 0.464
TNS   : 0.000

Type  : Slow 1200mV 85C Model Hold 'clk_div:clk_div|cnt[11]'
Slack : 0.464
TNS   : 0.000

Type  : Slow 1200mV 85C Model Hold 'CLK'
Slack : 0.465
TNS   : 0.000

Type  : Slow 1200mV 85C Model Minimum Pulse Width 'CLK'
Slack : -3.000
TNS   : -40.175

Type  : Slow 1200mV 85C Model Minimum Pulse Width 'clk_div:clk_div2|cnt[23]'
Slack : -1.487
TNS   : -4.461

Type  : Slow 1200mV 85C Model Minimum Pulse Width 'clk_div:clk_div|cnt[11]'
Slack : -1.487
TNS   : -2.974

Type  : Slow 1200mV 0C Model Setup 'CLK'
Slack : -2.096
TNS   : -32.703

Type  : Slow 1200mV 0C Model Setup 'clk_div:clk_div2|cnt[23]'
Slack : -0.966
TNS   : -1.728

Type  : Slow 1200mV 0C Model Setup 'clk_div:clk_div|cnt[11]'
Slack : -0.671
TNS   : -0.671

Type  : Slow 1200mV 0C Model Hold 'clk_div:clk_div|cnt[11]'
Slack : 0.415
TNS   : 0.000

Type  : Slow 1200mV 0C Model Hold 'clk_div:clk_div2|cnt[23]'
Slack : 0.416
TNS   : 0.000

Type  : Slow 1200mV 0C Model Hold 'CLK'
Slack : 0.417
TNS   : 0.000

Type  : Slow 1200mV 0C Model Minimum Pulse Width 'CLK'
Slack : -3.000
TNS   : -40.175

Type  : Slow 1200mV 0C Model Minimum Pulse Width 'clk_div:clk_div2|cnt[23]'
Slack : -1.487
TNS   : -4.461

Type  : Slow 1200mV 0C Model Minimum Pulse Width 'clk_div:clk_div|cnt[11]'
Slack : -1.487
TNS   : -2.974

Type  : Fast 1200mV 0C Model Setup 'CLK'
Slack : -0.561
TNS   : -5.037

Type  : Fast 1200mV 0C Model Setup 'clk_div:clk_div2|cnt[23]'
Slack : 0.075
TNS   : 0.000

Type  : Fast 1200mV 0C Model Setup 'clk_div:clk_div|cnt[11]'
Slack : 0.226
TNS   : 0.000

Type  : Fast 1200mV 0C Model Hold 'CLK'
Slack : 0.193
TNS   : 0.000

Type  : Fast 1200mV 0C Model Hold 'clk_div:clk_div2|cnt[23]'
Slack : 0.193
TNS   : 0.000

Type  : Fast 1200mV 0C Model Hold 'clk_div:clk_div|cnt[11]'
Slack : 0.193
TNS   : 0.000

Type  : Fast 1200mV 0C Model Minimum Pulse Width 'CLK'
Slack : -3.000
TNS   : -29.650

Type  : Fast 1200mV 0C Model Minimum Pulse Width 'clk_div:clk_div2|cnt[23]'
Slack : -1.000
TNS   : -3.000

Type  : Fast 1200mV 0C Model Minimum Pulse Width 'clk_div:clk_div|cnt[11]'
Slack : -1.000
TNS   : -2.000

------------------------------------------------------------
